Watching for file changes with StatReloader
Exception in thread django-main-thread:
Traceback (most recent call last):
  File "C:\Users\Asus\AppData\Local\Python\pythoncore-3.14-64\Lib\site-packages\django\db\backends\base\base.py", line 279, in ensure_connection
    self.connect()
    ~~~~~~~~~~~~^^
  File "C:\Users\Asus\AppData\Local\Python\pythoncore-3.14-64\Lib\site-packages\django\utils\asyncio.py", line 26, in inner
    return func(*args, **kwargs)
  File "C:\Users\Asus\AppData\Local\Python\pythoncore-3.14-64\Lib\site-packages\django\db\backends\base\base.py", line 256, in connect
    self.connection = self.get_new_connection(conn_params)
                      ~~~~~~~~~~~~~~~~~~~~~~~^^^^^^^^^^^^^
  File "C:\Users\Asus\AppData\Local\Python\pythoncore-3.14-64\Lib\site-packages\django\utils\asyncio.py", line 26, in inner
    return func(*args, **kwargs)
  File "C:\Users\Asus\AppData\Local\Python\pythoncore-3.14-64\Lib\site-packages\django\db\backends\mysql\base.py", line 256, in get_new_connection
    connection = Database.connect(**conn_params)
  File "C:\Users\Asus\AppData\Local\Python\pythoncore-3.14-64\Lib\site-packages\pymysql\connections.py", line 372, in __init__
    self.connect()
    ~~~~~~~~~~~~^^
  File "C:\Users\Asus\AppData\Local\Python\pythoncore-3.14-64\Lib\site-packages\pymysql\connections.py", line 702, in connect
    self._request_authentication()
    ~~~~~~~~~~~~~~~~~~~~~~~~~~~~^^
  File "C:\Users\Asus\AppData\Local\Python\pythoncore-3.14-64\Lib\site-packages\pymysql\connections.py", line 1022, in _request_authentication
    auth_packet = _auth.caching_sha2_password_auth(self, auth_packet)
  File "C:\Users\Asus\AppData\Local\Python\pythoncore-3.14-64\Lib\site-packages\pymysql\_auth.py", line 258, in caching_sha2_password_auth
    return _roundtrip(conn, conn.password + b"\0")
  File "C:\Users\Asus\AppData\Local\Python\pythoncore-3.14-64\Lib\site-packages\pymysql\_auth.py", line 121, in _roundtrip
    pkt = conn._read_packet()
  File "C:\Users\Asus\AppData\Local\Python\pythoncore-3.14-64\Lib\site-packages\pymysql\connections.py", line 803, in _read_packet
    packet.raise_for_error()
    ~~~~~~~~~~~~~~~~~~~~~~^^
  File "C:\Users\Asus\AppData\Local\Python\pythoncore-3.14-64\Lib\site-packages\pymysql\protocol.py", line 219, in raise_for_error
    err.raise_mysql_exception(self._data)
    ~~~~~~~~~~~~~~~~~~~~~~~~~^^^^^^^^^^^^
  File "C:\Users\Asus\AppData\Local\Python\pythoncore-3.14-64\Lib\site-packages\pymysql\err.py", line 154, in raise_mysql_exception
    raise errorclass(errno, errval, sqlstate=sqlstate)
pymysql.err.OperationalError: (1045, "Access denied for user 'root'@'localhost' (using password: YES)")

The above exception was the direct cause of the following exception:

Traceback (most recent call last):
  File "C:\Users\Asus\AppData\Local\Python\pythoncore-3.14-64\Lib\threading.py", line 1082, in _bootstrap_inner
    self._context.run(self.run)
    ~~~~~~~~~~~~~~~~~^^^^^^^^^^
  File "C:\Users\Asus\AppData\Local\Python\pythoncore-3.14-64\Lib\threading.py", line 1024, in run
    self._target(*self._args, **self._kwargs)
    ~~~~~~~~~~~~^^^^^^^^^^^^^^^^^^^^^^^^^^^^^
  File "C:\Users\Asus\AppData\Local\Python\pythoncore-3.14-64\Lib\site-packages\django\utils\autoreload.py", line 64, in wrapper
    fn(*args, **kwargs)
    ~~^^^^^^^^^^^^^^^^^
  File "C:\Users\Asus\AppData\Local\Python\pythoncore-3.14-64\Lib\site-packages\django\core\management\commands\runserver.py", line 137, in inner_run
    self.check_migrations()
    ~~~~~~~~~~~~~~~~~~~~~^^
  File "C:\Users\Asus\AppData\Local\Python\pythoncore-3.14-64\Lib\site-packages\django\core\management\base.py", line 591, in check_migrations
    executor = MigrationExecutor(connections[DEFAULT_DB_ALIAS])
  File "C:\Users\Asus\AppData\Local\Python\pythoncore-3.14-64\Lib\site-packages\django\db\migrations\executor.py", line 18, in __init__
    self.loader = MigrationLoader(self.connection)
                  ~~~~~~~~~~~~~~~^^^^^^^^^^^^^^^^^
  File "C:\Users\Asus\AppData\Local\Python\pythoncore-3.14-64\Lib\site-packages\django\db\migrations\loader.py", line 58, in __init__
    self.build_graph()
    ~~~~~~~~~~~~~~~~^^
  File "C:\Users\Asus\AppData\Local\Python\pythoncore-3.14-64\Lib\site-packages\django\db\migrations\loader.py", line 235, in build_graph
    self.applied_migrations = recorder.applied_migrations()
                              ~~~~~~~~~~~~~~~~~~~~~~~~~~~^^
  File "C:\Users\Asus\AppData\Local\Python\pythoncore-3.14-64\Lib\site-packages\django\db\migrations\recorder.py", line 89, in applied_migrations
    if self.has_table():
       ~~~~~~~~~~~~~~^^
  File "C:\Users\Asus\AppData\Local\Python\pythoncore-3.14-64\Lib\site-packages\django\db\migrations\recorder.py", line 63, in has_table
    with self.connection.cursor() as cursor:
         ~~~~~~~~~~~~~~~~~~~~~~^^
  File "C:\Users\Asus\AppData\Local\Python\pythoncore-3.14-64\Lib\site-packages\django\utils\asyncio.py", line 26, in inner
    return func(*args, **kwargs)
  File "C:\Users\Asus\AppData\Local\Python\pythoncore-3.14-64\Lib\site-packages\django\db\backends\base\base.py", line 320, in cursor
    return self._cursor()
           ~~~~~~~~~~~~^^
  File "C:\Users\Asus\AppData\Local\Python\pythoncore-3.14-64\Lib\site-packages\django\db\backends\base\base.py", line 296, in _cursor
    self.ensure_connection()
    ~~~~~~~~~~~~~~~~~~~~~~^^
  File "C:\Users\Asus\AppData\Local\Python\pythoncore-3.14-64\Lib\site-packages\django\utils\asyncio.py", line 26, in inner
    return func(*args, **kwargs)
  File "C:\Users\Asus\AppData\Local\Python\pythoncore-3.14-64\Lib\site-packages\django\db\backends\base\base.py", line 278, in ensure_connection
    with self.wrap_database_errors:
         ^^^^^^^^^^^^^^^^^^^^^^^^^
  File "C:\Users\Asus\AppData\Local\Python\pythoncore-3.14-64\Lib\site-packages\django\db\utils.py", line 91, in __exit__
    raise dj_exc_value.with_traceback(traceback) from exc_value
  File "C:\Users\Asus\AppData\Local\Python\pythoncore-3.14-64\Lib\site-packages\django\db\backends\base\base.py", line 279, in ensure_connection
    self.connect()
    ~~~~~~~~~~~~^^
  File "C:\Users\Asus\AppData\Local\Python\pythoncore-3.14-64\Lib\site-packages\django\utils\asyncio.py", line 26, in inner
    return func(*args, **kwargs)
  File "C:\Users\Asus\AppData\Local\Python\pythoncore-3.14-64\Lib\site-packages\django\db\backends\base\base.py", line 256, in connect
    self.connection = self.get_new_connection(conn_params)
                      ~~~~~~~~~~~~~~~~~~~~~~~^^^^^^^^^^^^^
  File "C:\Users\Asus\AppData\Local\Python\pythoncore-3.14-64\Lib\site-packages\django\utils\asyncio.py", line 26, in inner
    return func(*args, **kwargs)
  File "C:\Users\Asus\AppData\Local\Python\pythoncore-3.14-64\Lib\site-packages\django\db\backends\mysql\base.py", line 256, in get_new_connection
    connection = Database.connect(**conn_params)
  File "C:\Users\Asus\AppData\Local\Python\pythoncore-3.14-64\Lib\site-packages\pymysql\connections.py", line 372, in __init__
    self.connect()
    ~~~~~~~~~~~~^^
  File "C:\Users\Asus\AppData\Local\Python\pythoncore-3.14-64\Lib\site-packages\pymysql\connections.py", line 702, in connect
    self._request_authentication()
    ~~~~~~~~~~~~~~~~~~~~~~~~~~~~^^
  File "C:\Users\Asus\AppData\Local\Python\pythoncore-3.14-64\Lib\site-packages\pymysql\connections.py", line 1022, in _request_authentication
    auth_packet = _auth.caching_sha2_password_auth(self, auth_packet)
  File "C:\Users\Asus\AppData\Local\Python\pythoncore-3.14-64\Lib\site-packages\pymysql\_auth.py", line 258, in caching_sha2_password_auth
    return _roundtrip(conn, conn.password + b"\0")
  File "C:\Users\Asus\AppData\Local\Python\pythoncore-3.14-64\Lib\site-packages\pymysql\_auth.py", line 121, in _roundtrip
    pkt = conn._read_packet()
  File "C:\Users\Asus\AppData\Local\Python\pythoncore-3.14-64\Lib\site-packages\pymysql\connections.py", line 803, in _read_packet
    packet.raise_for_error()
    ~~~~~~~~~~~~~~~~~~~~~~^^
  File "C:\Users\Asus\AppData\Local\Python\pythoncore-3.14-64\Lib\site-packages\pymysql\protocol.py", line 219, in raise_for_error
    err.raise_mysql_exception(self._data)
    ~~~~~~~~~~~~~~~~~~~~~~~~~^^^^^^^^^^^^
  File "C:\Users\Asus\AppData\Local\Python\pythoncore-3.14-64\Lib\site-packages\pymysql\err.py", line 154, in raise_mysql_exception
    raise errorclass(errno, errval, sqlstate=sqlstate)
django.db.utils.OperationalError: (1045, "Access denied for user 'root'@'localhost' (using password: YES)")
Performing system checks...

System check identified no issues (0 silenced).
